==219422== Memcheck, a memory error detector
==219422== Copyright (C) 2002-2024, and GNU GPL'd, by Julian Seward et al.
==219422== Using Valgrind-3.25.1 and LibVEX; rerun with -h for copyright info
==219422== Command: ./wordle
==219422== Parent PID: 219421
==219422== 
==219422== Invalid free() / delete / delete[] / realloc()
==219422==    at 0x489A9EF: free (in /usr/lib/valgrind/vgpreload_memcheck-amd64-linux.so)
==219422==    by 0x40024B7: err (errors.c:178)
==219422==    by 0x4002E9C: main (main.c:24)
==219422==  Address 0x4006230 is in a r-- mapped file /home/user/n/wordle-solver/wordle segment
==219422== 
==219422== 
==219422== HEAP SUMMARY:
==219422==     in use at exit: 128 bytes in 1 blocks
==219422==   total heap usage: 3 allocs, 3 frees, 1,178 bytes allocated
==219422== 
==219422== 128 bytes in 1 blocks are definitely lost in loss record 1 of 1
==219422==    at 0x48978A8: malloc (in /usr/lib/valgrind/vgpreload_memcheck-amd64-linux.so)
==219422==    by 0x4001F95: err (errors.c:14)
==219422==    by 0x4002E9C: main (main.c:24)
==219422== 
==219422== LEAK SUMMARY:
==219422==    definitely lost: 128 bytes in 1 blocks
==219422==    indirectly lost: 0 bytes in 0 blocks
==219422==      possibly lost: 0 bytes in 0 blocks
==219422==    still reachable: 0 bytes in 0 blocks
==219422==         suppressed: 0 bytes in 0 blocks
==219422== 
==219422== For lists of detected and suppressed errors, rerun with: -s
==219422== ERROR SUMMARY: 2 errors from 2 contexts (suppressed: 0 from 0)
